
**************************************************************************
 ___       _                               _____ _           _
|_ _|_ __ | |_ ___  __ _ _ __ ___  _ __   |  ___(_)_ __   __| | ___ _ __
 | || '_ \| __/ _ \/ _` | '__/ _ \| '_ \  | |_  | | '_ \ / _` |/ _ \ '__|
 | || | | | ||  __/ (_| | | | (_) | | | | |  _| | | | | | (_| |  __/ |
|___|_| |_|\__\___|\__, |_|  \___/|_| |_| |_|   |_|_| |_|\__,_|\___|_|
                   |___/

**************************************************************************

integron_finder version 2.0.6 
Using:
 - Python 3.10.21 | packaged by conda-forge | (main, Aug 21 2026, 22:42:31) [GCC 14.4.0]
 - numpy 2.2.6
 - pandas 2.3.3
 - matplolib 3.10.9
 - biopython 1.88

 - Prodigal V2.6.3: February, 2016
 - INFERNAL 1.1.4 (Dec 2020)
 - HMMER 3.3.2 (Nov 2020); http://hmmer.org/

Authors:
 - Jean Cury, Bertrand Neron, Eduardo Rocha,

Citation:

 Néron, B.; Littner, E.; Haudiquet, M.; Perrin, A.; Cury, J.; Rocha, E.P.C.
 IntegronFinder 2.0: Identification and Analysis of Integrons across Bacteria, with a Focus on Antibiotic Resistance in Klebsiella.
 Microorganisms 2022, 10, 700. https://doi.org/10.3390/microorganisms10040700

 If you use --func-annot in conjunction with file NCBIfam-AMRFinder.hmm please also cite

 Haft, DH et al., Nucleic Acids Res. 2018 Jan 4;46(D1):D851-D860
 PMID: 29112715
 

                     =======================

integron_finder is free software: you can redistribute it and/or modify
it under the terms of the GNU General Public License as published by
the Free Software Foundation, either version 3 of the License, or
(at your option) any later version.

integron_finder is distributed in the hope that it will be useful,
but WITHOUT ANY WARRANTY; without even the implied warranty of
MERCHANTABILITY or FITNESS FOR A PARTICULAR PURPOSE. See the
GNU General Public License for more details.

You should have received a copy of the GNU General Public License
along with this program (COPYING file).
If not, see <http://www.gnu.org/licenses/>.

                     =======================

command used: integron_finder --promoter-attI --outdir results/prueba1_Klebsiella data/Klebsiella/ncbi_dataset/data/GCF_060056565.1/GCF_060056565.1_ASM6005656v1_genomic.fna

                     =======================

[0m
INFO     : ############ Processing replicon NZ_CM189233.1 (1/5) ############

INFO     : Starting Default search ... :
INFO     : Default search done... : 
INFO     : In replicon NZ_CM189233.1, there are:
INFO     : - 0 complete integron(s) found with a total 0 attC site(s)
INFO     : - 0 CALIN element(s) found with a total of 0 attC site(s)
INFO     : - 0 In0 element(s) found with a total of 0 attC site
INFO     : Writing out results for replicon NZ_CM189233.1
INFO     : ############ Processing replicon NZ_JBYMLM010000002.1 (2/5) ############

INFO     : Starting Default search ... :
INFO     : Default search done... : 
INFO     : In replicon NZ_JBYMLM010000002.1, there are:
INFO     : - 0 complete integron(s) found with a total 0 attC site(s)
INFO     : - 0 CALIN element(s) found with a total of 0 attC site(s)
INFO     : - 0 In0 element(s) found with a total of 0 attC site
INFO     : Writing out results for replicon NZ_JBYMLM010000002.1
INFO     : ############ Processing replicon NZ_JBYMLM010000003.1 (3/5) ############

INFO     : Starting Default search ... :
INFO     : Default search done... : 
INFO     : In replicon NZ_JBYMLM010000003.1, there are:
INFO     : - 0 complete integron(s) found with a total 0 attC site(s)
INFO     : - 0 CALIN element(s) found with a total of 0 attC site(s)
INFO     : - 0 In0 element(s) found with a total of 0 attC site
INFO     : Writing out results for replicon NZ_JBYMLM010000003.1
INFO     : ############ Processing replicon NZ_JBYMLM010000004.1 (4/5) ############

INFO     : Starting Default search ... :
INFO     : Default search done... : 
INFO     : In replicon NZ_JBYMLM010000004.1, there are:
INFO     : - 0 complete integron(s) found with a total 0 attC site(s)
INFO     : - 0 CALIN element(s) found with a total of 0 attC site(s)
INFO     : - 0 In0 element(s) found with a total of 0 attC site
INFO     : Writing out results for replicon NZ_JBYMLM010000004.1
INFO     : ############ Processing replicon NZ_JBYMLM010000005.1 (5/5) ############

INFO     : Starting Default search ... :
INFO     : Default search done... : 
INFO     : In replicon NZ_JBYMLM010000005.1, there are:
INFO     : - 0 complete integron(s) found with a total 0 attC site(s)
INFO     : - 0 CALIN element(s) found with a total of 0 attC site(s)
INFO     : - 0 In0 element(s) found with a total of 0 attC site
INFO     : Writing out results for replicon NZ_JBYMLM010000005.1
INFO     : Merging integrons results.

